Analyzing visionoptocare...                                     

warning - Unused import: 'dart:math' - lib\sections\b2b_section.dart:1:8 - unused_import
  error - Directives must appear before any declarations - lib\sections\b2b_section.dart:163:1 - directive_after_declaration
   info - 'scale' is deprecated and shouldn't be used. Use scaleByVector3, scaleByVector4, or scaleByDouble instead - lib\sections\consult_section.dart:83:40 - deprecated_member_use
   info - Unnecessary use of multiple underscores - lib\sections\download_section.dart:61:30 - unnecessary_underscores
   info - Unnecessary use of multiple underscores - lib\sections\hero_section.dart:48:28 - unnecessary_underscores
   info - Unnecessary use of multiple underscores - lib\sections\hero_section.dart:57:28 - unnecessary_underscores
   info - Unnecessary use of multiple underscores - lib\sections\language_section.dart:58:34 - unnecessary_underscores
   info - 'scale' is deprecated and shouldn't be used. Use scaleByVector3, scaleByVector4, or scaleByDouble instead - lib\sections\reels_section.dart:118:40 - deprecated_member_use
warning - Unused import: '../utils/responsive.dart' - lib\sections\tests_section.dart:6:8 - unused_import
   info - Unnecessary use of multiple underscores - lib\sections\therapy_section.dart:115:32 - unnecessary_underscores
warning - The value of the field '_hovering' isn't used - lib\widgets\eye_logo.dart:14:8 - unused_field
   info - 'scale' is deprecated and shouldn't be used. Use scaleByVector3, scaleByVector4, or scaleByDouble instead - lib\widgets\gradient_button.dart:44:42 - deprecated_member_use
   info - Unnecessary use of multiple underscores - lib\widgets\particle_painter.dart:98:26 - unnecessary_underscores
warning - Unused import: 'dart:math' - lib\widgets\tilt_card.dart:1:8 - unused_import
   info - 'scale' is deprecated and shouldn't be used. Use scaleByVector3, scaleByVector4, or scaleByDouble instead - lib\widgets\tilt_card.dart:60:17 - deprecated_member_use
  error - The name 'MyApp' isn't a class - test\widget_test.dart:16:35 - creation_with_non_type

